Домашнее задание.
Практические навыки работы с ZFS.
Цель:
Научится самостоятельно устанавливать ZFS, настраивать пулы, изучить основные возможности ZFS;



Список задач:
1.) Определить алгоритм с наилучшим сжатием.
 Определить какие алгоритмы сжатия поддерживает zfs (gzip, zle, lzjb, lz4);
создать 4 файловых системы на каждой применить свой алгоритм сжатия;
для сжатия использовать либо текстовый файл, либо группу файлов.

2.)Определить настройки пула.
С помощью команды zfs import собрать pool ZFS.
Командами zfs определить настройки:
   - размер хранилища;
   - тип pool;
   - значение recordsize;
   - какое сжатие используется;
   - какая контрольная сумма используется.

3.) Работа со снапшотами:
скопировать файл из удаленной директории;
восстановить файл локально. zfs receive;
найти зашифрованное сообщение в файле secret_message.



Выполнение работы.

В окружении Hyper-V 2012 cоздали виртуальную машину с Ubuntu 24.04 Server. Помимо системного диска добавляем 8 дополнительных дисков.


1.) Выполнение задачи 1.
- Определить алгоритм с наилучшим сжатием.
- Определить какие алгоритмы сжатия поддерживает zfs (gzip, zle, lzjb, lz4);
- Cоздать 4 файловых системы на каждой применить свой алгоритм сжатия;



-------------- Выводим списков имеющихся блочных устройств.
api027@otus2:~$ lsblk
NAME                      MAJ:MIN RM  SIZE RO TYPE MOUNTPOINTS
sda                         8:0    0   60G  0 disk
+-sda1                      8:1    0    1G  0 part /boot/efi
+-sda2                      8:2    0    2G  0 part /boot
L-sda3                      8:3    0 56.9G  0 part
  L-ubuntu--vg-ubuntu--lv 252:0    0 28.5G  0 lvm  /
sdb                         8:16   0    5G  0 disk
sdc                         8:32   0    5G  0 disk
sdd                         8:48   0    1G  0 disk
sde                         8:64   0    1G  0 disk
sdf                         8:80   0    1G  0 disk
sdg                         8:96   0    1G  0 disk
sdh                         8:112  0    1G  0 disk
sdi                         8:128  0    1G  0 disk


---------------Устанавливаем пакет для работы с zfs 
api027@otus2:~$ sudo apt install zfsutils-linux
[sudo] password for api027:
Reading package lists... Done
Building dependency tree... Done
Reading state information... Done
zfsutils-linux is already the newest version (2.2.2-0ubuntu9.2).
0 upgraded, 0 newly installed, 0 to remove and 64 not upgraded.



--------------- Создаем 4 пула zfs, каждый ввиде зеркала из двух дисков.  
api027@otus2:~$ sudo zpool create otus1 mirror /dev/sdb /dev/sdc
api027@otus2:~$ sudo zpool create otus2 mirror /dev/sdd /dev/sde
api027@otus2:~$ sudo zpool create otus3 mirror /dev/sdf /dev/sdg
api027@otus2:~$ sudo zpool create otus4 mirror /dev/sdh /dev/sdi



-----------------Выводим список, получившихся пулов.
api027@otus2:~$ zpool list
NAME    SIZE  ALLOC   FREE  CKPOINT  EXPANDSZ   FRAG    CAP  DEDUP    HEALTH  ALTROOT
otus1  4.50G   348K  4.50G        -         -     0%     0%  1.00x    ONLINE  -
otus2   960M   360K   960M        -         -     0%     0%  1.00x    ONLINE  -
otus3   960M   336K   960M        -         -     0%     0%  1.00x    ONLINE  -
otus4   960M   336K   960M        -         -     0%     0%  1.00x    ONLINE  -


-----------------Выводим статус доступных пулов.
api027@otus2:~$  zpool status
  pool: otus1
 state: ONLINE
config:

        NAME        STATE     READ WRITE CKSUM
        otus1       ONLINE       0     0     0
          mirror-0  ONLINE       0     0     0
            sdb     ONLINE       0     0     0
            sdc     ONLINE       0     0     0

errors: No known data errors

  pool: otus2
 state: ONLINE
config:

        NAME        STATE     READ WRITE CKSUM
        otus2       ONLINE       0     0     0
          mirror-0  ONLINE       0     0     0
            sdd     ONLINE       0     0     0
            sde     ONLINE       0     0     0

errors: No known data errors

  pool: otus3
 state: ONLINE
config:

        NAME        STATE     READ WRITE CKSUM
        otus3       ONLINE       0     0     0
          mirror-0  ONLINE       0     0     0
            sdf     ONLINE       0     0     0
            sdg     ONLINE       0     0     0

errors: No known data errors

  pool: otus4
 state: ONLINE
config:

        NAME        STATE     READ WRITE CKSUM
        otus4       ONLINE       0     0     0
          mirror-0  ONLINE       0     0     0
            sdh     ONLINE       0     0     0
            sdi     ONLINE       0     0     0

errors: No known data errors




---------Для каждого пула задаем тип компрессии  для определения эффективности сжатия:

root@otus2:~# zfs set compression=lzjb otus1
root@otus2:~# zfs set compression=lz4 otus2
root@otus2:~# zfs set compression=gzip-9 otus3
root@otus2:~# zfs set compression=zle otus4



----------- Выводим список свойств  zfs пулов( в данном случае используемых алгоритмов сжатия) 
root@otus2:~#  zfs get all | grep compression
otus1  compression           lzjb                   local
otus2  compression           lz4                    local
otus3  compression           gzip-9                 local
otus4  compression           zle                    local



------------Для определения степени сжатия  скопируем один и тот же файл в четыре пула
root@otus2:~# for i in {1..4}; do wget -P /otus$i https://gutenberg.org/cache/epub/2600/pg2600.converter.log; done
--2025-05-27 11:01:57--  https://gutenberg.org/cache/epub/2600/pg2600.converter.log
Resolving gutenberg.org (gutenberg.org)... 152.19.134.47, 2610:28:3090:3000:0:bad:cafe:47
Connecting to gutenberg.org (gutenberg.org)|152.19.134.47|:443... connected.
HTTP request sent, awaiting response... 200 OK
Length: 41143613 (39M) [text/plain]
Saving to: ‘/otus1/pg2600.converter.log’

pg2600.converter.log                            100%[====================================================================================================>]  39.24M   124KB/s    in 3m 28s

2025-05-27 11:05:26 (193 KB/s) - ‘/otus1/pg2600.converter.log’ saved [41143613/41143613]

--2025-05-27 11:05:26--  https://gutenberg.org/cache/epub/2600/pg2600.converter.log
Resolving gutenberg.org (gutenberg.org)... 152.19.134.47, 2610:28:3090:3000:0:bad:cafe:47
Connecting to gutenberg.org (gutenberg.org)|152.19.134.47|:443... connected.
HTTP request sent, awaiting response... 200 OK
Length: 41143613 (39M) [text/plain]
Saving to: ‘/otus2/pg2600.converter.log’

pg2600.converter.log                              7%[======>                                                                                              ]   2.89M  35.9KB/s    in 38s

2025-05-27 11:06:05 (77.8 KB/s) - Connection closed at byte 3033247. Retrying.

--2025-05-27 11:06:06--  (try: 2)  https://gutenberg.org/cache/epub/2600/pg2600.converter.log
Connecting to gutenberg.org (gutenberg.org)|152.19.134.47|:443... connected.
HTTP request sent, awaiting response... 206 Partial Content
Length: 41143613 (39M), 38110366 (36M) remaining [text/plain]
Saving to: ‘/otus2/pg2600.converter.log’

pg2600.converter.log                             45%[+++++++=====================================>                                                        ]  17.75M  79.1KB/s    in 53s

2025-05-27 11:06:59 (287 KB/s) - Connection closed at byte 18614065. Retrying.

--2025-05-27 11:07:01--  (try: 3)  https://gutenberg.org/cache/epub/2600/pg2600.converter.log
Connecting to gutenberg.org (gutenberg.org)|152.19.134.47|:443... connected.
HTTP request sent, awaiting response... 206 Partial Content
Length: 41143613 (39M), 22529548 (21M) remaining [text/plain]
Saving to: ‘/otus2/pg2600.converter.log’

pg2600.converter.log                             62%[+++++++++++++++++++++++++++++++++++++++++++++=================>                                      ]  24.56M  80.9KB/s    in 48s

2025-05-27 11:07:50 (145 KB/s) - Connection closed at byte 25754178. Retrying.

--2025-05-27 11:07:53--  (try: 4)  https://gutenberg.org/cache/epub/2600/pg2600.converter.log
Connecting to gutenberg.org (gutenberg.org)|152.19.134.47|:443... connected.
HTTP request sent, awaiting response... 206 Partial Content
Length: 41143613 (39M), 15389435 (15M) remaining [text/plain]
Saving to: ‘/otus2/pg2600.converter.log’

pg2600.converter.log                            100%[+++++++++++++++++++++++++++++++++++++++++++++++++++++++++++++++=====================================>]  39.24M  95.9KB/s    in 1m 53s

2025-05-27 11:09:47 (133 KB/s) - ‘/otus2/pg2600.converter.log’ saved [41143613/41143613]

--2025-05-27 11:09:47--  https://gutenberg.org/cache/epub/2600/pg2600.converter.log
Resolving gutenberg.org (gutenberg.org)... 152.19.134.47, 2610:28:3090:3000:0:bad:cafe:47
Connecting to gutenberg.org (gutenberg.org)|152.19.134.47|:443... connected.
HTTP request sent, awaiting response... 200 OK
Length: 41143613 (39M) [text/plain]
Saving to: ‘/otus3/pg2600.converter.log’

pg2600.converter.log                             76%[===========================================================================>                         ]  29.83M   695KB/s    in 88s

2025-05-27 11:11:16 (347 KB/s) - Connection closed at byte 31281664. Retrying.

--2025-05-27 11:11:17--  (try: 2)  https://gutenberg.org/cache/epub/2600/pg2600.converter.log
Connecting to gutenberg.org (gutenberg.org)|152.19.134.47|:443... connected.
HTTP request sent, awaiting response... 206 Partial Content
Length: 41143613 (39M), 9861949 (9.4M) remaining [text/plain]
Saving to: ‘/otus3/pg2600.converter.log’

pg2600.converter.log                            100%[++++++++++++++++++++++++++++++++++++++++++++++++++++++++++++++++++++++++++++========================>]  39.24M  1.55MB/s    in 5.9s

2025-05-27 11:11:23 (1.61 MB/s) - ‘/otus3/pg2600.converter.log’ saved [41143613/41143613]

--2025-05-27 11:11:23--  https://gutenberg.org/cache/epub/2600/pg2600.converter.log
Resolving gutenberg.org (gutenberg.org)... 152.19.134.47, 2610:28:3090:3000:0:bad:cafe:47
Connecting to gutenberg.org (gutenberg.org)|152.19.134.47|:443... connected.
HTTP request sent, awaiting response... 200 OK
Length: 41143613 (39M) [text/plain]
Saving to: ‘/otus4/pg2600.converter.log’

pg2600.converter.log                            100%[====================================================================================================>]  39.24M   170KB/s    in 3m 14s

2025-05-27 11:14:38 (207 KB/s) - ‘/otus4/pg2600.converter.log’ saved [41143613/41143613]



--------------И посмотрим, сколько места занимает этот файл в каждом из пулов otus{1,2,3,4}

root@otus2:~# ls -l /otus*
/otus1:
total 22537
-rw-r--r-- 1 root root 41143613 May  2 07:31 pg2600.converter.log

/otus2:
total 18501
-rw-r--r-- 1 root root 41143613 May  2 07:31 pg2600.converter.log

/otus3:
total 11473
-rw-r--r-- 1 root root 41143613 May  2 07:31 pg2600.converter.log

/otus4:
total 40225
-rw-r--r-- 1 root root 41143613 May  2 07:31 pg2600.converter.log
root@otus2:~#

--------------Получается, что алгоритм gzip9(пул  otus3) обеспечивает наилучшее сжатие. 
------------- В свойствах пула можно посмотреть степень сжатия:
root@otus2:~# zfs get all | grep compressratio | grep -v ref
otus1  compressratio         1.78x                  -
otus2  compressratio         2.16x                  -
otus3  compressratio         3.46x                  -
otus4  compressratio         1.00x                  -
root@otus2:~#

-----------------Конец выполнения задачи 1.----------------------




2)------------------Выполнение задачи 2. Определение настроек пула-------------------------
Командами zfs определить настройки:
   - размер хранилища;
   - тип pool;
   - значение recordsize;
   - какое сжатие используется;
   - какая контрольная сумма используется.

--------------------Качаем экспортированный пул ввиде архива-----------------
root@otus2:~# wget -O archive.tar.gz --no-check-certificate 'https://drive.usercontent.google.com/download?id=1MvrcEp-WgAQe57aDEzxSRalPAwbNN1Bb&export=download'
--2025-05-27 12:19:20--  https://drive.usercontent.google.com/download?id=1MvrcEp-WgAQe57aDEzxSRalPAwbNN1Bb&export=download
Resolving drive.usercontent.google.com (drive.usercontent.google.com)... 64.233.161.132, 2a00:1450:4010:c01::84
Connecting to drive.usercontent.google.com (drive.usercontent.google.com)|64.233.161.132|:443... connected.
HTTP request sent, awaiting response... 200 OK
Length: 7275140 (6.9M) [application/octet-stream]
Saving to: ‘archive.tar.gz’

archive.tar.gz                                  100%[====================================================================================================>]   6.94M  55.9KB/s    in 2m 27s

2025-05-27 12:21:55 (48.5 KB/s) - ‘archive.tar.gz’ saved [7275140/7275140]


--------------------Разархивируем------------------------------------------------------
root@otus2:~# tar -xzvf archive.tar.gz
zpoolexport/
zpoolexport/filea
zpoolexport/fileb


-----------------------Импортируем пул в список текущих пулов в системе: --------------------------------
-----------------------Предварительно ознакомимся с его статусом.
root@otus2:~# zpool import -d zpoolexport/
   pool: otus
     id: 6554193320433390805
  state: ONLINE
status: Some supported features are not enabled on the pool.
        (Note that they may be intentionally disabled if the
        'compatibility' property is set.)
 action: The pool can be imported using its name or numeric identifier, though
        some features will not be available without an explicit 'zpool upgrade'.
 config:

        otus                         ONLINE
          mirror-0                   ONLINE
            /root/zpoolexport/filea  ONLINE
            /root/zpoolexport/fileb  ONLINE



-----------------------Импортируем--------------------------------
root@otus2:~# zpool import -d zpoolexport/ otus





-----------------В списке пулов видим новоимпортированный пул otus-----
root@otus2:~# zpool status
  pool: otus
 state: ONLINE
status: Some supported and requested features are not enabled on the pool.
        The pool can still be used, but some features are unavailable.
action: Enable all features using 'zpool upgrade'. Once this is done,
        the pool may no longer be accessible by software that does not support
        the features. See zpool-features(7) for details.
config:

        NAME                         STATE     READ WRITE CKSUM
        otus                         ONLINE       0     0     0
          mirror-0                   ONLINE       0     0     0
            /root/zpoolexport/filea  ONLINE       0     0     0
            /root/zpoolexport/fileb  ONLINE       0     0     0

errors: No known data errors

  pool: otus1
 state: ONLINE
config:

        NAME        STATE     READ WRITE CKSUM
        otus1       ONLINE       0     0     0
          mirror-0  ONLINE       0     0     0
            sdb     ONLINE       0     0     0
            sdc     ONLINE       0     0     0

errors: No known data errors

  pool: otus2
 state: ONLINE
config:

        NAME        STATE     READ WRITE CKSUM
        otus2       ONLINE       0     0     0
          mirror-0  ONLINE       0     0     0
            sdd     ONLINE       0     0     0
            sde     ONLINE       0     0     0

errors: No known data errors

  pool: otus3
 state: ONLINE
config:

        NAME        STATE     READ WRITE CKSUM
        otus3       ONLINE       0     0     0
          mirror-0  ONLINE       0     0     0
            sdf     ONLINE       0     0     0
            sdg     ONLINE       0     0     0

errors: No known data errors

  pool: otus4
 state: ONLINE
config:

        NAME        STATE     READ WRITE CKSUM
        otus4       ONLINE       0     0     0
          mirror-0  ONLINE       0     0     0
            sdh     ONLINE       0     0     0
            sdi     ONLINE       0     0     0

errors: No known data errors

----
N.B. Если у нас уже есть пул с именем otus, то можно поменять его имя во время импорта: zpool import -d zpoolexport/ otus newotus
----

-------------------Запрос всех бесконечных параметров пула otus:----------------
zfs get all otus


-------------------Выбор конкретных параметров.

------Посмотрим доступное пространство пула otus.  
root@otus2:/otus# zfs get available otus
NAME  PROPERTY   VALUE  SOURCE
otus  available  350M   -

---------Проверяем возможность записи -----
root@otus2:/otus# zfs get readonly otus
NAME  PROPERTY  VALUE   SOURCE
otus  readonly  off     default

---------Выясняем recordsize---------
root@otus2:/otus# zfs get recordsize otus
NAME  PROPERTY    VALUE    SOURCE
otus  recordsize  128K     local

-------- Какой алгоритм вычисления контрольной суммы используется.
root@otus2:/otus# zfs get checksum otus
NAME  PROPERTY  VALUE      SOURCE
otus  checksum  sha256     local


-------------Конец выполнения задачи 2 ----------------------


3.) Выполнение задачи 3.
Работа со снапшотами:
- Скопировать файл из удаленной директории;
- Восстановить файл локально. zfs receive;
- Найти зашифрованное сообщение в файле secret_message.


--------------Получаем файл резервной копии  для восстановления на том /otus
wget -O otus_task2.file --no-check-certificate https://drive.usercontent.google.com/download?id=1wgxjih8YZ-cqLqaZVa0lA3h3Y029c3oI&export=download^C
[1] 9669
root@otus2:~#

--------------Смотрим на  полученный файл-------------------------------
root@otus2:/otus# ls -lha otus*
-rw-r--r-- 1 root root 5.2M Dec  6  2023 otus_task2.file


--------------Применяем снэпшот----------------------------------------
root@otus2:~# zfs receive otus/test@today < otus_task2.file


----------Ищем сообщение в файле secret_message------------------------------
root@otus2:/otus# find /otus -name  secret_message
/otus/test/task1/file_mess/secret_message
root@otus2:/otus# cat /otus/test/task1/file_mess/secret_message

-----------Прочли информацию в востановленном файле-------------------------- 
https://otus.ru/lessons/linux-hl/

---------------Конец выполнения задачи 3--------------------------------------


